Microsoft Windows [Versión 10.0.17134.950]
(c) 2018 Microsoft Corporation. Todos los derechos reservados.

C:\Users\Jorge>mysqlsh
MySQL Shell 8.0.17

Copyright (c) 2016, 2019, Oracle and/or its affiliates. All rights reserved.
Oracle is a registered trademark of Oracle Corporation and/or its affiliates.
Other names may be trademarks of their respective owners.

Type '\help' or '\?' for help; '\quit' to exit.
 MySQL  JS > \connect --mc jorge@JORGE-DLA
Creating a Classic session to 'jorge@JORGE-DLA'
Fetching schema names for autocompletion... Press ^C to stop.
Your MySQL connection id is 8
Server version: 8.0.17 MySQL Community Server - GPL
No default schema selected; type \use <schema> to set one.
 MySQL  JORGE-DLA:3306 ssl  JS > \sql
Switching to SQL mode... Commands end with ;
 MySQL  JORGE-DLA:3306 ssl  SQL > use eva_1
Default schema set to `eva_1`.
Fetching table and column names from `eva_1` for auto-completion... Press ^C to stop.
 MySQL  JORGE-DLA:3306 ssl  eva_1  SQL > show tables;
+--------------------+
| Tables_in_eva_1    |
+--------------------+
| alumnos            |
| carreras           |
| country            |
| materias           |
| materias2          |
| paises             |
| prueba             |
| prueba_copia       |
| prueba_copia_datos |
| subjects           |
+--------------------+
10 rows in set (0.0017 sec)
 MySQL  JORGE-DLA:3306 ssl  eva_1  SQL > create table clientes
                                      -> ( cliente_id int auto_increment key);
Query OK, 0 rows affected (0.4970 sec)
 MySQL  JORGE-DLA:3306 ssl  eva_1  SQL > alter table clientes
                                      -> modify cliente_id not null;
ERROR: 1064 (42000): You have an error in your SQL syntax; check the manual that corresponds to your MySQL server version for the right syntax to use near 'not null' at line 2
 MySQL  JORGE-DLA:3306 ssl  eva_1  SQL > drop clientes;
ERROR: 1064 (42000): You have an error in your SQL syntax; check the manual that corresponds to your MySQL server version for the right syntax to use near 'clientes' at line 1
 MySQL  JORGE-DLA:3306 ssl  eva_1  SQL > drop table clientes;
Query OK, 0 rows affected (0.4673 sec)
 MySQL  JORGE-DLA:3306 ssl  eva_1  SQL > show tables;
+--------------------+
| Tables_in_eva_1    |
+--------------------+
| alumnos            |
| carreras           |
| country            |
| materias           |
| materias2          |
| paises             |
| prueba             |
| prueba_copia       |
| prueba_copia_datos |
| subjects           |
+--------------------+
10 rows in set (0.0018 sec)
 MySQL  JORGE-DLA:3306 ssl  eva_1  SQL > create table clientes (
                                      -> cliente_id int not null auto_increment key,
                                      -> nombre varchar(50));
Query OK, 0 rows affected (0.4460 sec)
 MySQL  JORGE-DLA:3306 ssl  eva_1  SQL > create table ventas(
                                      -> venta_id int not null auto_increment key,
                                      -> cliente_id int not null
                                      -> foreign key
                                      -> references clientes(cliente_id)
                                      -> on delete cascade
                                      -> on update cascade;
ERROR: 1064 (42000): You have an error in your SQL syntax; check the manual that corresponds to your MySQL server version for the right syntax to use near 'foreign key
references clientes(cliente_id)
on delete cascade
on update cascade' at line 4
 MySQL  JORGE-DLA:3306 ssl  eva_1  SQL > create table ventas( venta_id int not null auto_increment key, cliente_id int not null, foreign key  references clientes(cliente_id) on delete cascade on update cascade;
ERROR: 1064 (42000): You have an error in your SQL syntax; check the manual that corresponds to your MySQL server version for the right syntax to use near 'references clientes(cliente_id) on delete cascade on update cascade' at line 1
 MySQL  JORGE-DLA:3306 ssl  eva_1  SQL > create table ventas(
                                      -> venta_id int not null auto_increment key,
                                      -> cliente_id int not null,
                                      -> foreign key (cliente_id)
                                      -> references clientes(cliente_id)
                                      -> on delete cascade
                                      -> on update cascade);
Query OK, 0 rows affected (0.6100 sec)
 MySQL  JORGE-DLA:3306 ssl  eva_1  SQL > show create table ventas;
+--------+---------------------------------------------------------------------------------------------------------------------------------------------------------------------------------------------------------------------------------------------------------------------------------------------------------------------------------------------------------------------------+
| Table  | Create Table                                                                                                                                                                                                                                                                                                                                                              |
+--------+---------------------------------------------------------------------------------------------------------------------------------------------------------------------------------------------------------------------------------------------------------------------------------------------------------------------------------------------------------------------------+
| ventas | CREATE TABLE `ventas` (
  `venta_id` int(11) NOT NULL AUTO_INCREMENT,
  `cliente_id` int(11) NOT NULL,
  PRIMARY KEY (`venta_id`),
  KEY `cliente_id` (`cliente_id`),
  CONSTRAINT `ventas_ibfk_1` FOREIGN KEY (`cliente_id`) REFERENCES `clientes` (`cliente_id`) ON DELETE CASCADE ON UPDATE CASCADE
) ENGINE=InnoDB DEFAULT CHARSET=utf8mb4 COLLATE=utf8mb4_0900_ai_ci |
+--------+---------------------------------------------------------------------------------------------------------------------------------------------------------------------------------------------------------------------------------------------------------------------------------------------------------------------------------------------------------------------------+
1 row in set (0.0085 sec)
 MySQL  JORGE-DLA:3306 ssl  eva_1  SQL > insert into ventas(cliente_id)
                                      -> values(5);
ERROR: 1452 (23000): Cannot add or update a child row: a foreign key constraint fails (`eva_1`.`ventas`, CONSTRAINT `ventas_ibfk_1` FOREIGN KEY (`cliente_id`) REFERENCES `clientes` (`cliente_id`) ON DELETE CASCADE ON UPDATE CASCADE)
 MySQL  JORGE-DLA:3306 ssl  eva_1  SQL > insert into clientes(nombre) values('Juan');
Query OK, 1 row affected (0.0686 sec)
 MySQL  JORGE-DLA:3306 ssl  eva_1  SQL > insert into clientes(nombre) values('Pedro');
Query OK, 1 row affected (0.2319 sec)
 MySQL  JORGE-DLA:3306 ssl  eva_1  SQL > select * from clientes;
+------------+--------+
| cliente_id | nombre |
+------------+--------+
|          1 | Juan   |
|          2 | Pedro  |
+------------+--------+
2 rows in set (0.0005 sec)
 MySQL  JORGE-DLA:3306 ssl  eva_1  SQL > insert into ventas(cliente_id) values(1);
Query OK, 1 row affected (0.1129 sec)
 MySQL  JORGE-DLA:3306 ssl  eva_1  SQL > insert into ventas(cliente_id) values(1);
Query OK, 1 row affected (0.1543 sec)
 MySQL  JORGE-DLA:3306 ssl  eva_1  SQL > insert into ventas(cliente_id) values(2);
Query OK, 1 row affected (0.0967 sec)
 MySQL  JORGE-DLA:3306 ssl  eva_1  SQL > insert into ventas(cliente_id) values(2);
Query OK, 1 row affected (0.0828 sec)
 MySQL  JORGE-DLA:3306 ssl  eva_1  SQL > insert into ventas(cliente_id) values(2);
Query OK, 1 row affected (0.0764 sec)
 MySQL  JORGE-DLA:3306 ssl  eva_1  SQL > select * from ventas;
+----------+------------+
| venta_id | cliente_id |
+----------+------------+
|        2 |          1 |
|        3 |          1 |
|        4 |          2 |
|        5 |          2 |
|        6 |          2 |
+----------+------------+
5 rows in set (0.0006 sec)
 MySQL  JORGE-DLA:3306 ssl  eva_1  SQL > select * from ventas order by venta_id;
+----------+------------+
| venta_id | cliente_id |
+----------+------------+
|        2 |          1 |
|        3 |          1 |
|        4 |          2 |
|        5 |          2 |
|        6 |          2 |
+----------+------------+
5 rows in set (0.0007 sec)
 MySQL  JORGE-DLA:3306 ssl  eva_1  SQL > delete from clientes
                                      -> where cliente_id=2;
Query OK, 1 row affected (0.2857 sec)
 MySQL  JORGE-DLA:3306 ssl  eva_1  SQL > select * from clientes;
+------------+--------+
| cliente_id | nombre |
+------------+--------+
|          1 | Juan   |
+------------+--------+
1 row in set (0.0005 sec)
 MySQL  JORGE-DLA:3306 ssl  eva_1  SQL > select * from ventas;
+----------+------------+
| venta_id | cliente_id |
+----------+------------+
|        2 |          1 |
|        3 |          1 |
+----------+------------+
2 rows in set (0.0005 sec)
 MySQL  JORGE-DLA:3306 ssl  eva_1  SQL > update clientes
                                      -> set
                                      -> cliente_id = 5
                                      -> where cliente_id = 1;
Query OK, 1 row affected (0.2630 sec)

Rows matched: 1  Changed: 1  Warnings: 0
 MySQL  JORGE-DLA:3306 ssl  eva_1  SQL > select * from clientes;
+------------+--------+
| cliente_id | nombre |
+------------+--------+
|          5 | Juan   |
+------------+--------+
1 row in set (0.0005 sec)
 MySQL  JORGE-DLA:3306 ssl  eva_1  SQL > select * from ventas;
+----------+------------+
| venta_id | cliente_id |
+----------+------------+
|        2 |          5 |
|        3 |          5 |
+----------+------------+
2 rows in set (0.0004 sec)
 MySQL  JORGE-DLA:3306 ssl  eva_1  SQL > create table ventas2(
                                      -> venta_id int not null auto_increment key,
                                      -> cliente_id int not nl;
ERROR: 1064 (42000): You have an error in your SQL syntax; check the manual that corresponds to your MySQL server version for the right syntax to use near 'nl' at line 3
 MySQL  JORGE-DLA:3306 ssl  eva_1  SQL > create table ventas2( venta_id int not null auto_increment key, cliente_id int not null, foreign key (cliente_id) references clientes(cliente_id) on delete restrict on update restrict);
Query OK, 0 rows affected (0.5453 sec)
 MySQL  JORGE-DLA:3306 ssl  eva_1  SQL > insert into ventas2
                                      -> (cliente_id)
                                      -> values(5);
Query OK, 1 row affected (0.0978 sec)
 MySQL  JORGE-DLA:3306 ssl  eva_1  SQL > insert into ventas2 (cliente_id) values(5);
Query OK, 1 row affected (0.1372 sec)
 MySQL  JORGE-DLA:3306 ssl  eva_1  SQL > insert into ventas2 (cliente_id) values(5);
Query OK, 1 row affected (0.0793 sec)
 MySQL  JORGE-DLA:3306 ssl  eva_1  SQL > select * from ventas2;
+----------+------------+
| venta_id | cliente_id |
+----------+------------+
|        1 |          5 |
|        2 |          5 |
|        3 |          5 |
+----------+------------+
3 rows in set (0.0005 sec)
 MySQL  JORGE-DLA:3306 ssl  eva_1  SQL > delete from clientes
                                      -> where cliente_id = 5;
ERROR: 1451 (23000): Cannot delete or update a parent row: a foreign key constraint fails (`eva_1`.`ventas2`, CONSTRAINT `ventas2_ibfk_1` FOREIGN KEY (`cliente_id`) REFERENCES `clientes` (`cliente_id`) ON DELETE RESTRICT ON UPDATE RESTRICT)
 MySQL  JORGE-DLA:3306 ssl  eva_1  SQL > create table carreras(
                                      -> nombre varchar(50) not null,
                                      -> carrera_id int not null auto_increment key;
ERROR: 1064 (42000): You have an error in your SQL syntax; check the manual that corresponds to your MySQL server version for the right syntax to use near '' at line 3
 MySQL  JORGE-DLA:3306 ssl  eva_1  SQL > create table carreras( nombre varchar(50) not null, carrera_id int not null auto_increment key);
ERROR: 1050 (42S01): Table 'carreras' already exists
 MySQL  JORGE-DLA:3306 ssl  eva_1  SQL > show tables;
+--------------------+
| Tables_in_eva_1    |
+--------------------+
| alumnos            |
| carreras           |
| clientes           |
| country            |
| materias           |
| materias2          |
| paises             |
| prueba             |
| prueba_copia       |
| prueba_copia_datos |
| subjects           |
| ventas             |
| ventas2            |
+--------------------+
13 rows in set (0.0329 sec)
 MySQL  JORGE-DLA:3306 ssl  eva_1  SQL > create table carreras3( nombre varchar(50) not null, carrera_id int not null auto_increment key);
Query OK, 0 rows affected (0.4291 sec)
 MySQL  JORGE-DLA:3306 ssl  eva_1  SQL > create table materias3(
                                      -> ;
ERROR: 1064 (42000): You have an error in your SQL syntax; check the manual that corresponds to your MySQL server version for the right syntax to use near '' at line 1
 MySQL  JORGE-DLA:3306 ssl  eva_1  SQL >