Microsoft Windows [Versión 10.0.17134.950]
(c) 2018 Microsoft Corporation. Todos los derechos reservados.

C:\Users\Jorge>mysqlsh
MySQL Shell 8.0.17

Copyright (c) 2016, 2019, Oracle and/or its affiliates. All rights reserved.
Oracle is a registered trademark of Oracle Corporation and/or its affiliates.
Other names may be trademarks of their respective owners.

Type '\help' or '\?' for help; '\quit' to exit.
 MySQL  JS > \connect --mc jorge@JORGE-DLA
Creating a Classic session to 'jorge@JORGE-DLA'
Fetching schema names for autocompletion... Press ^C to stop.
Your MySQL connection id is 8
Server version: 8.0.17 MySQL Community Server - GPL
No default schema selected; type \use <schema> to set one.
 MySQL  JORGE-DLA:3306 ssl  JS > \sql
Switching to SQL mode... Commands end with ;
 MySQL  JORGE-DLA:3306 ssl  SQL > use eva_1
Default schema set to `eva_1`.
Fetching table and column names from `eva_1` for auto-completion... Press ^C to stop.
 MySQL  JORGE-DLA:3306 ssl  eva_1  SQL > show create databases;
ERROR: 1064 (42000): You have an error in your SQL syntax; check the manual that corresponds to your MySQL server version for the right syntax to use near 'databases' at line 1
 MySQL  JORGE-DLA:3306 ssl  eva_1  SQL > show create databases
                                      -> ;
ERROR: 1064 (42000): You have an error in your SQL syntax; check the manual that corresponds to your MySQL server version for the right syntax to use near 'databases' at line 1
 MySQL  JORGE-DLA:3306 ssl  eva_1  SQL > show create table carreras;
+----------+----------------------------------------------------------------------------------------------------------------------------------------------------------------+
| Table    | Create Table                                                                                                                                                   |
+----------+----------------------------------------------------------------------------------------------------------------------------------------------------------------+
| carreras | CREATE TABLE `carreras` (
  `nombre` varchar(50) NOT NULL,
  UNIQUE KEY `nombre` (`nombre`)
) ENGINE=InnoDB DEFAULT CHARSET=utf8mb4 COLLATE=utf8mb4_0900_ai_ci |
+----------+----------------------------------------------------------------------------------------------------------------------------------------------------------------+
1 row in set (0.1087 sec)
 MySQL  JORGE-DLA:3306 ssl  eva_1  SQL > desc materias;
+----------+-------------+------+-----+---------+-------+
| Field    | Type        | Null | Key | Default | Extra |
+----------+-------------+------+-----+---------+-------+
| nombre   | varchar(50) | YES  | UNI | TDB     |       |
| creditos | int(11)     | YES  |     | 5       |       |
+----------+-------------+------+-----+---------+-------+
2 rows in set (0.0019 sec)
 MySQL  JORGE-DLA:3306 ssl  eva_1  SQL > select * from carreras;
+-------------+
| nombre      |
+-------------+
| INFORMÁTICA |
+-------------+
1 row in set (0.1098 sec)
 MySQL  JORGE-DLA:3306 ssl  eva_1  SQL > insert into carreras values();
ERROR: 1364 (HY000): Field 'nombre' doesn't have a default value
 MySQL  JORGE-DLA:3306 ssl  eva_1  SQL > insert into carreras values('INFORMATICA');
ERROR: 1062 (23000): Duplicate entry 'INFORMATICA' for key 'nombre'
 MySQL  JORGE-DLA:3306 ssl  eva_1  SQL > create table subjects(
                                      -> name varchar(50) not null primary key,
                                      -> credits int not null default 5);
Query OK, 0 rows affected (1.4346 sec)
 MySQL  JORGE-DLA:3306 ssl  eva_1  SQL > desc subjects;
+---------+-------------+------+-----+---------+-------+
| Field   | Type        | Null | Key | Default | Extra |
+---------+-------------+------+-----+---------+-------+
| name    | varchar(50) | NO   | PRI | NULL    |       |
| credits | int(11)     | NO   |     | 5       |       |
+---------+-------------+------+-----+---------+-------+
2 rows in set (0.0033 sec)
 MySQL  JORGE-DLA:3306 ssl  eva_1  SQL > show create table subjects;
+----------+----------------------------------------------------------------------------------------------------------------------------------------------------------------------------------------------+
| Table    | Create Table                                                                                                                                                                                 |
+----------+----------------------------------------------------------------------------------------------------------------------------------------------------------------------------------------------+
| subjects | CREATE TABLE `subjects` (
  `name` varchar(50) NOT NULL,
  `credits` int(11) NOT NULL DEFAULT '5',
  PRIMARY KEY (`name`)
) ENGINE=InnoDB DEFAULT CHARSET=utf8mb4 COLLATE=utf8mb4_0900_ai_ci |
+----------+----------------------------------------------------------------------------------------------------------------------------------------------------------------------------------------------+
1 row in set (0.0019 sec)
 MySQL  JORGE-DLA:3306 ssl  eva_1  SQL > insert into subjects
                                      -> values('TBD',4),('EDD',5),('ARQ',5);
Query OK, 3 rows affected (0.2174 sec)

Records: 3  Duplicates: 0  Warnings: 0
 MySQL  JORGE-DLA:3306 ssl  eva_1  SQL > select from * subjects;
ERROR: 1064 (42000): You have an error in your SQL syntax; check the manual that corresponds to your MySQL server version for the right syntax to use near 'from * subjects' at line 1
 MySQL  JORGE-DLA:3306 ssl  eva_1  SQL > select * from subjects;
+------+---------+
| name | credits |
+------+---------+
| ARQ  |       5 |
| EDD  |       5 |
| TBD  |       4 |
+------+---------+
3 rows in set (0.0006 sec)
 MySQL  JORGE-DLA:3306 ssl  eva_1  SQL > insert into subjects
                                      -> values ('ARQ');
ERROR: 1136 (21S01): Column count doesn't match value count at row 1
 MySQL  JORGE-DLA:3306 ssl  eva_1  SQL > insert into subjects values ('ARQ');
ERROR: 1136 (21S01): Column count doesn't match value count at row 1
 MySQL  JORGE-DLA:3306 ssl  eva_1  SQL > create table materias2(
                                      -> nombre varchar(50) not null, creditos int default 5,
                                      -> carrera varchar(50) not null,
                                      -> primary key (nombre, carrera));
Query OK, 0 rows affected (0.7287 sec)
 MySQL  JORGE-DLA:3306 ssl  eva_1  SQL > desc materias2;
+----------+-------------+------+-----+---------+-------+
| Field    | Type        | Null | Key | Default | Extra |
+----------+-------------+------+-----+---------+-------+
| nombre   | varchar(50) | NO   | PRI | NULL    |       |
| creditos | int(11)     | YES  |     | 5       |       |
| carrera  | varchar(50) | NO   | PRI | NULL    |       |
+----------+-------------+------+-----+---------+-------+
3 rows in set (0.0035 sec)
 MySQL  JORGE-DLA:3306 ssl  eva_1  SQL > insert into materias2
                                      -> values('EDD',5,'SISTEMAS),
                                      -> ('EDD',5,SISTEMAS);
                                      '> ;
                                      '> asd
                                      '> )
                                      '> ';
ERROR: 1064 (42000): You have an error in your SQL syntax; check the manual that corresponds to your MySQL server version for the right syntax to use near 'EDD',5,SISTEMAS);
;
asd
)
'' at line 3
 MySQL  JORGE-DLA:3306 ssl  eva_1  SQL > insert into materias2
                                      -> values('EDD',5,'SISTEMAS');
Query OK, 1 row affected (0.1119 sec)
 MySQL  JORGE-DLA:3306 ssl  eva_1  SQL > insert into materias2 values('EDD',5,'SISTEMAS');
ERROR: 1062 (23000): Duplicate entry 'EDD-SISTEMAS' for key 'PRIMARY'
 MySQL  JORGE-DLA:3306 ssl  eva_1  SQL > create table alumnos(
                                      -> no_control int not null auto_increment key,
                                      -> nombre varchar(50));
Query OK, 0 rows affected (0.7070 sec)
 MySQL  JORGE-DLA:3306 ssl  eva_1  SQL > insert into alumnos(
                                      -> nombre) values ('JUAN'),('JORGE'),('DAVID'),('RAUL'));
ERROR: 1064 (42000): You have an error in your SQL syntax; check the manual that corresponds to your MySQL server version for the right syntax to use near ')' at line 2
 MySQL  JORGE-DLA:3306 ssl  eva_1  SQL > insert into alumnos( nombre) values ('JUAN'),('JORGE'),('DAVID'),('RAUL');
Query OK, 4 rows affected (0.1531 sec)

Records: 4  Duplicates: 0  Warnings: 0
 MySQL  JORGE-DLA:3306 ssl  eva_1  SQL > select * from alumnos;
+------------+--------+
| no_control | nombre |
+------------+--------+
|          1 | JUAN   |
|          2 | JORGE  |
|          3 | DAVID  |
|          4 | RAUL   |
+------------+--------+
4 rows in set (0.0004 sec)
 MySQL  JORGE-DLA:3306 ssl  eva_1  SQL > show create table alumnos;
+---------+--------------------------------------------------------------------------------------------------------------------------------------------------------------------------------------------------------------------------------+
| Table   | Create Table                                                                                                                                                                                                                   |
+---------+--------------------------------------------------------------------------------------------------------------------------------------------------------------------------------------------------------------------------------+
| alumnos | CREATE TABLE `alumnos` (
  `no_control` int(11) NOT NULL AUTO_INCREMENT,
  `nombre` varchar(50) DEFAULT NULL,
  PRIMARY KEY (`no_control`)
) ENGINE=InnoDB AUTO_INCREMENT=5 DEFAULT CHARSET=utf8mb4 COLLATE=utf8mb4_0900_ai_ci |
+---------+--------------------------------------------------------------------------------------------------------------------------------------------------------------------------------------------------------------------------------+
1 row in set (0.0010 sec)
 MySQL  JORGE-DLA:3306 ssl  eva_1  SQL > delete from alumnos
                                      -> where no_control = 3;
Query OK, 1 row affected (0.1042 sec)
 MySQL  JORGE-DLA:3306 ssl  eva_1  SQL > insert into alumnos( nombre) values ('NICOLAS'),('PANCHO'),('ANA'),('ROBERTO');
Query OK, 4 rows affected (0.1845 sec)

Records: 4  Duplicates: 0  Warnings: 0
 MySQL  JORGE-DLA:3306 ssl  eva_1  SQL > select * from alumnos;
+------------+---------+
| no_control | nombre  |
+------------+---------+
|          1 | JUAN    |
|          2 | JORGE   |
|          4 | RAUL    |
|          5 | NICOLAS |
|          6 | PANCHO  |
|          7 | ANA     |
|          8 | ROBERTO |
+------------+---------+
7 rows in set (0.0004 sec)
 MySQL  JORGE-DLA:3306 ssl  eva_1  SQL > show create table alumnos;
+---------+--------------------------------------------------------------------------------------------------------------------------------------------------------------------------------------------------------------------------------+
| Table   | Create Table                                                                                                                                                                                                                   |
+---------+--------------------------------------------------------------------------------------------------------------------------------------------------------------------------------------------------------------------------------+
| alumnos | CREATE TABLE `alumnos` (
  `no_control` int(11) NOT NULL AUTO_INCREMENT,
  `nombre` varchar(50) DEFAULT NULL,
  PRIMARY KEY (`no_control`)
) ENGINE=InnoDB AUTO_INCREMENT=9 DEFAULT CHARSET=utf8mb4 COLLATE=utf8mb4_0900_ai_ci |
+---------+--------------------------------------------------------------------------------------------------------------------------------------------------------------------------------------------------------------------------------+
1 row in set (0.0005 sec)
 MySQL  JORGE-DLA:3306 ssl  eva_1  SQL > insert into alumnos(no_control) values (5);
ERROR: 1062 (23000): Duplicate entry '5' for key 'PRIMARY'
 MySQL  JORGE-DLA:3306 ssl  eva_1  SQL > insert into alumnos (no_control, nombre) values (10,'RUBEN');
Query OK, 1 row affected (0.1108 sec)
 MySQL  JORGE-DLA:3306 ssl  eva_1  SQL > select * from alumnos;
+------------+---------+
| no_control | nombre  |
+------------+---------+
|          1 | JUAN    |
|          2 | JORGE   |
|          4 | RAUL    |
|          5 | NICOLAS |
|          6 | PANCHO  |
|          7 | ANA     |
|          8 | ROBERTO |
|         10 | RUBEN   |
+------------+---------+
8 rows in set (0.0004 sec)
 MySQL  JORGE-DLA:3306 ssl  eva_1  SQL > insert into alumnos (no_control, nombre) values (9,'LUIS');
Query OK, 1 row affected (0.2862 sec)
 MySQL  JORGE-DLA:3306 ssl  eva_1  SQL > insert into alumnos (nombre) values ('LUIS');
Query OK, 1 row affected (0.1133 sec)
 MySQL  JORGE-DLA:3306 ssl  eva_1  SQL > select * from alumnos;
+------------+---------+
| no_control | nombre  |
+------------+---------+
|          1 | JUAN    |
|          2 | JORGE   |
|          4 | RAUL    |
|          5 | NICOLAS |
|          6 | PANCHO  |
|          7 | ANA     |
|          8 | ROBERTO |
|          9 | LUIS    |
|         10 | RUBEN   |
|         11 | LUIS    |
+------------+---------+
10 rows in set (0.0006 sec)
 MySQL  JORGE-DLA:3306 ssl  eva_1  SQL >